// Jest Snapshot v1, https://goo.gl/fbAQLP

exports[`render RequesWrapper RequesWrapper should match snapshot 1`] = `
<style__RequestLoaderWrapper>
  <style__RequestLoader />
</style__RequestLoaderWrapper>
`;
