// Jest Snapshot v1, https://goo.gl/fbAQLP

exports[`render WebPage 1`] = `
<View
  style={
    Array [
      Object {
        "flex": 1,
        "overflow": "hidden",
      },
      undefined,
    ]
  }
>
  <RNCWebView
    cacheEnabled={true}
    injectedJavaScriptBeforeContentLoadedForMainFrameOnly={true}
    injectedJavaScriptForMainFrameOnly={true}
    javaScriptEnabled={true}
    messagingEnabled={false}
    onContentProcessDidTerminate={[Function]}
    onHttpError={[Function]}
    onLoadingError={[Function]}
    onLoadingFinish={[Function]}
    onLoadingProgress={[Function]}
    onLoadingStart={[Function]}
    onMessage={[Function]}
    onShouldStartLoadWithRequest={[Function]}
    source={
      Object {
        "uri": "http://test.com",
      }
    }
    style={
      Array [
        Object {
          "flex": 1,
          "overflow": "hidden",
        },
        Object {
          "backgroundColor": "#ffffff",
        },
        Array [
          Object {},
        ],
      ]
    }
    textInteractionEnabled={true}
    useSharedProcessPool={true}
  />
</View>
`;
